// Jest Snapshot v1, https://goo.gl/fbAQLP

exports[`vue-tabs-component can accept a prefix and a suffix for the name 1`] = `
"
            <div id=\\"app\\"><div class=\\"tabs-component\\"><ul role=\\"tablist\\" class=\\"tabs-component-tabs\\"><li role=\\"presentation\\" class=\\"tabs-component-tab is-active\\"><a aria-controls=\\"#first-tab\\" aria-selected=\\"true\\" href=\\"#first-tab\\" role=\\"tab\\" class=\\"tabs-component-tab-a\\">prefixFirst tabsuffix</a></li></ul> <div class=\\"tabs-component-panels\\"><section id=\\"#first-tab\\" role=\\"tabpanel\\" class=\\"tabs-component-panel\\" style=\\"\\">
                        First tab content
                    </section></div></div></div>
        "
`;

exports[`vue-tabs-component can mount tabs 1`] = `
"
            <div id=\\"app\\"><div class=\\"tabs-component\\"><ul role=\\"tablist\\" class=\\"tabs-component-tabs\\"><li role=\\"presentation\\" class=\\"tabs-component-tab is-active\\"><a aria-controls=\\"#first-tab\\" aria-selected=\\"true\\" href=\\"#first-tab\\" role=\\"tab\\" class=\\"tabs-component-tab-a\\">First tab</a></li><li role=\\"presentation\\" class=\\"tabs-component-tab\\"><a aria-controls=\\"#second-tab\\" href=\\"#second-tab\\" role=\\"tab\\" class=\\"tabs-component-tab-a\\">Second tab</a></li><li role=\\"presentation\\" class=\\"tabs-component-tab\\"><a aria-controls=\\"#third-tab\\" href=\\"#third-tab\\" role=\\"tab\\" class=\\"tabs-component-tab-a\\">Third tab</a></li></ul> <div class=\\"tabs-component-panels\\"><section id=\\"#first-tab\\" role=\\"tabpanel\\" class=\\"tabs-component-panel\\" style=\\"\\">
                        First tab content
                    </section> <section aria-hidden=\\"true\\" id=\\"#second-tab\\" role=\\"tabpanel\\" class=\\"tabs-component-panel\\" style=\\"display: none;\\">
                        Second tab content
                    </section> <section aria-hidden=\\"true\\" id=\\"#third-tab\\" role=\\"tabpanel\\" class=\\"tabs-component-panel\\" style=\\"display: none;\\">
                        Third tab content
                    </section></div></div></div>
        "
`;

exports[`vue-tabs-component nested removes the tab hash 1`] = `
"
            <div id=\\"app\\"><div class=\\"tabs-component\\"><ul role=\\"tablist\\" class=\\"tabs-component-tabs\\"><li role=\\"presentation\\" class=\\"tabs-component-tab is-active\\"><a aria-controls=\\"#first-tab\\" aria-selected=\\"true\\" role=\\"tab\\" class=\\"tabs-component-tab-a\\">First tab</a></li></ul> <div class=\\"tabs-component-panels\\"><section id=\\"#first-tab\\" role=\\"tabpanel\\" class=\\"tabs-component-panel\\" style=\\"\\">
                        First tab content
                    </section></div></div></div>
        "
`;

exports[`vue-tabs-component the life time of the cache can be set 1`] = `
Object {
  "vue-tabs-component.cache.blank": "{\\"value\\":\\"#first-tab\\",\\"expires\\":\\"2017-01-01T00:10:00.000Z\\"}",
}
`;

exports[`vue-tabs-component uses the fragment of the url to determine which tab to open 1`] = `
"
            <div id=\\"app\\"><div class=\\"tabs-component\\"><ul role=\\"tablist\\" class=\\"tabs-component-tabs\\"><li role=\\"presentation\\" class=\\"tabs-component-tab\\"><a aria-controls=\\"#first-tab\\" href=\\"#first-tab\\" role=\\"tab\\" class=\\"tabs-component-tab-a\\">First tab</a></li><li role=\\"presentation\\" class=\\"tabs-component-tab is-active\\"><a aria-controls=\\"#second-tab\\" aria-selected=\\"true\\" href=\\"#second-tab\\" role=\\"tab\\" class=\\"tabs-component-tab-a\\">Second tab</a></li><li role=\\"presentation\\" class=\\"tabs-component-tab\\"><a aria-controls=\\"#third-tab\\" href=\\"#third-tab\\" role=\\"tab\\" class=\\"tabs-component-tab-a\\">Third tab</a></li></ul> <div class=\\"tabs-component-panels\\"><section aria-hidden=\\"true\\" id=\\"#first-tab\\" role=\\"tabpanel\\" class=\\"tabs-component-panel\\" style=\\"display: none;\\">
                        First tab content
                    </section> <section id=\\"#second-tab\\" role=\\"tabpanel\\" class=\\"tabs-component-panel\\" style=\\"\\">
                        Second tab content
                    </section> <section aria-hidden=\\"true\\" id=\\"#third-tab\\" role=\\"tabpanel\\" class=\\"tabs-component-panel\\" style=\\"display: none;\\">
                        Third tab content
                    </section></div></div></div>
        "
`;

exports[`vue-tabs-component writes the hash of the last opened tab in local storage 1`] = `
Object {
  "vue-tabs-component.cache.blank": "{\\"value\\":\\"#third-tab\\",\\"expires\\":\\"2017-01-01T00:05:00.000Z\\"}",
}
`;
